// Jest Snapshot v1, https://goo.gl/fbAQLP

exports[`ContactList snapshot test 1`] = `
<ul
  className="MuiList-root MuiList-padding css-168pop2-MuiList-root"
>
  <li
    className="MuiListItem-root MuiListItem-gutters MuiListItem-padding css-1p823my-MuiListItem-root"
    disabled={false}
  >
    <div
      className="MuiListItemText-root MuiListItemText-multiline css-konndc-MuiListItemText-root"
    >
      <span
        className="MuiTypography-root MuiTypography-body1 MuiListItemText-primary css-10hburv-MuiTypography-root"
      >
        Ali Connors
      </span>
      <span
        className="MuiTypography-root MuiTypography-body2 css-1phucj-MuiTypography-root"
      >
        SurveyHeart
      </span>
    </div>
  </li>
  <li
    className="MuiDivider-root MuiDivider-fullWidth css-9mgopn-MuiDivider-root"
    role="separator"
  />
  <li
    className="MuiListItem-root MuiListItem-gutters MuiListItem-padding css-1p823my-MuiListItem-root"
    disabled={false}
  >
    <div
      className="MuiListItemText-root MuiListItemText-multiline css-konndc-MuiListItemText-root"
    >
      <span
        className="MuiTypography-root MuiTypography-body1 MuiListItemText-primary css-10hburv-MuiTypography-root"
      >
        Jenny Allen
      </span>
      <span
        className="MuiTypography-root MuiTypography-body2 css-1phucj-MuiTypography-root"
      >
        Societe Generale
      </span>
    </div>
  </li>
  <li
    className="MuiDivider-root MuiDivider-fullWidth css-9mgopn-MuiDivider-root"
    role="separator"
  />
  <li
    className="MuiListItem-root MuiListItem-gutters MuiListItem-padding css-1p823my-MuiListItem-root"
    disabled={false}
  >
    <div
      className="MuiListItemText-root css-tlelie-MuiListItemText-root"
    >
      <span
        className="MuiTypography-root MuiTypography-body1 MuiListItemText-primary css-10hburv-MuiTypography-root"
      >
        Steven Covey
      </span>
    </div>
  </li>
  <li
    className="MuiDivider-root MuiDivider-fullWidth css-9mgopn-MuiDivider-root"
    role="separator"
  />
</ul>
`;
