// Jest Snapshot v1, https://goo.gl/fbAQLP

exports[`ContactForm component match snapshot 1`] = `
<form>
  <div
    className="MuiBox-root css-y58rij"
  >
    <div
      className="MuiFormControl-root MuiFormControl-fullWidth MuiTextField-root css-wb57ya-MuiFormControl-root-MuiTextField-root"
    >
      <label
        className="MuiFormLabel-root MuiInputLabel-root MuiInputLabel-formControl MuiInputLabel-animated MuiInputLabel-standard MuiFormLabel-colorPrimary MuiInputLabel-root MuiInputLabel-formControl MuiInputLabel-animated MuiInputLabel-standard css-aqpgxn-MuiFormLabel-root-MuiInputLabel-root"
        data-shrink={false}
        htmlFor=":r0:"
        id=":r0:-label"
      >
        Name
      </label>
      <div
        className="MuiInputBase-root MuiInput-root MuiInput-underline MuiInputBase-colorPrimary MuiInputBase-fullWidth MuiInputBase-formControl css-l4u8b9-MuiInputBase-root-MuiInput-root"
        onClick={[Function]}
      >
        <input
          aria-invalid={false}
          autoFocus={false}
          className="MuiInputBase-input MuiInput-input css-1x51dt5-MuiInputBase-input-MuiInput-input"
          disabled={false}
          id=":r0:"
          onAnimationStart={[Function]}
          onBlur={[Function]}
          onChange={[Function]}
          onFocus={[Function]}
          required={false}
          type="text"
          value=""
        />
      </div>
    </div>
    <div
      className="MuiFormControl-root MuiFormControl-fullWidth MuiTextField-root css-wb57ya-MuiFormControl-root-MuiTextField-root"
    >
      <label
        className="MuiFormLabel-root MuiInputLabel-root MuiInputLabel-formControl MuiInputLabel-animated MuiInputLabel-standard MuiFormLabel-colorPrimary MuiInputLabel-root MuiInputLabel-formControl MuiInputLabel-animated MuiInputLabel-standard css-aqpgxn-MuiFormLabel-root-MuiInputLabel-root"
        data-shrink={false}
        htmlFor=":r1:"
        id=":r1:-label"
      >
        Mobile
      </label>
      <div
        className="MuiInputBase-root MuiInput-root MuiInput-underline MuiInputBase-colorPrimary MuiInputBase-fullWidth MuiInputBase-formControl css-l4u8b9-MuiInputBase-root-MuiInput-root"
        onClick={[Function]}
      >
        <input
          aria-invalid={false}
          autoFocus={false}
          className="MuiInputBase-input MuiInput-input css-1x51dt5-MuiInputBase-input-MuiInput-input"
          disabled={false}
          id=":r1:"
          onAnimationStart={[Function]}
          onBlur={[Function]}
          onChange={[Function]}
          onFocus={[Function]}
          required={false}
          type="text"
          value=""
        />
      </div>
    </div>
    <div
      className="MuiFormControl-root MuiFormControl-fullWidth css-q8hpuo-MuiFormControl-root"
    >
      <label
        className="MuiFormLabel-root MuiInputLabel-root MuiInputLabel-formControl MuiInputLabel-animated MuiInputLabel-shrink MuiInputLabel-standard MuiFormLabel-colorPrimary MuiFormLabel-filled MuiInputLabel-root MuiInputLabel-formControl MuiInputLabel-animated MuiInputLabel-shrink MuiInputLabel-standard css-1c2i806-MuiFormLabel-root-MuiInputLabel-root"
        data-shrink={true}
        id="contact-field--gender"
      >
        Gender
      </label>
      <div
        className="MuiInputBase-root MuiInput-root MuiInput-underline MuiInputBase-colorPrimary MuiInputBase-formControl  css-m5hdmq-MuiInputBase-root-MuiInput-root-MuiSelect-root"
        onClick={[Function]}
        required={true}
      >
        <div
          aria-expanded="false"
          aria-haspopup="listbox"
          aria-labelledby="contact-field--gender"
          className="MuiSelect-select MuiSelect-standard MuiInputBase-input MuiInput-input css-1rxz5jq-MuiSelect-select-MuiInputBase-input-MuiInput-input"
          onBlur={[Function]}
          onFocus={[Function]}
          onKeyDown={[Function]}
          onMouseDown={[Function]}
          role="button"
          tabIndex={0}
        >
          Male
        </div>
        <input
          aria-hidden={true}
          aria-invalid={false}
          className="MuiSelect-nativeInput css-yf8vq0-MuiSelect-nativeInput"
          disabled={false}
          onAnimationStart={[Function]}
          onChange={[Function]}
          required={true}
          tabIndex={-1}
          value="male"
        />
        <svg
          aria-hidden={true}
          className="MuiSvgIcon-root MuiSvgIcon-fontSizeMedium MuiSelect-icon MuiSelect-iconStandard css-pqjvzy-MuiSvgIcon-root-MuiSelect-icon"
          data-testid="ArrowDropDownIcon"
          focusable="false"
          viewBox="0 0 24 24"
        >
          <path
            d="M7 10l5 5 5-5z"
          />
        </svg>
      </div>
    </div>
    <div
      className="MuiFormControl-root MuiFormControl-fullWidth css-q8hpuo-MuiFormControl-root"
    >
      <label
        className="MuiFormLabel-root MuiInputLabel-root MuiInputLabel-formControl MuiInputLabel-animated MuiInputLabel-shrink MuiInputLabel-standard MuiFormLabel-colorPrimary MuiFormLabel-filled MuiInputLabel-root MuiInputLabel-formControl MuiInputLabel-animated MuiInputLabel-shrink MuiInputLabel-standard css-1c2i806-MuiFormLabel-root-MuiInputLabel-root"
        data-shrink={true}
        id="contact-field--type"
      >
        Type
      </label>
      <div
        className="MuiInputBase-root MuiInput-root MuiInput-underline MuiInputBase-colorPrimary MuiInputBase-formControl  css-m5hdmq-MuiInputBase-root-MuiInput-root-MuiSelect-root"
        onClick={[Function]}
        required={true}
      >
        <div
          aria-expanded="false"
          aria-haspopup="listbox"
          aria-labelledby="contact-field--type"
          className="MuiSelect-select MuiSelect-standard MuiInputBase-input MuiInput-input css-1rxz5jq-MuiSelect-select-MuiInputBase-input-MuiInput-input"
          onBlur={[Function]}
          onFocus={[Function]}
          onKeyDown={[Function]}
          onMouseDown={[Function]}
          role="button"
          tabIndex={0}
        >
          Personal
        </div>
        <input
          aria-hidden={true}
          aria-invalid={false}
          className="MuiSelect-nativeInput css-yf8vq0-MuiSelect-nativeInput"
          disabled={false}
          onAnimationStart={[Function]}
          onChange={[Function]}
          required={true}
          tabIndex={-1}
          value="personal"
        />
        <svg
          aria-hidden={true}
          className="MuiSvgIcon-root MuiSvgIcon-fontSizeMedium MuiSelect-icon MuiSelect-iconStandard css-pqjvzy-MuiSvgIcon-root-MuiSelect-icon"
          data-testid="ArrowDropDownIcon"
          focusable="false"
          viewBox="0 0 24 24"
        >
          <path
            d="M7 10l5 5 5-5z"
          />
        </svg>
      </div>
    </div>
  </div>
</form>
`;
