// Jest Snapshot v1, https://goo.gl/fbAQLP

exports[`SelectField FC should match snapshot 1`] = `
<div
  className="MuiFormControl-root css-1869usk-MuiFormControl-root"
>
  <label
    className="MuiFormLabel-root MuiInputLabel-root MuiInputLabel-formControl MuiInputLabel-animated MuiInputLabel-shrink MuiInputLabel-standard MuiFormLabel-colorPrimary MuiFormLabel-filled MuiInputLabel-root MuiInputLabel-formControl MuiInputLabel-animated MuiInputLabel-shrink MuiInputLabel-standard css-1c2i806-MuiFormLabel-root-MuiInputLabel-root"
    data-shrink={true}
    id="demo-simple-select-standard-label"
  >
    Gender
  </label>
  <div
    className="MuiInputBase-root MuiInput-root MuiInput-underline MuiInputBase-colorPrimary MuiInputBase-formControl  css-m5hdmq-MuiInputBase-root-MuiInput-root-MuiSelect-root"
    onClick={[Function]}
    required={true}
  >
    <div
      aria-expanded="false"
      aria-haspopup="listbox"
      aria-labelledby="demo-simple-select-standard-label"
      className="MuiSelect-select MuiSelect-standard MuiInputBase-input MuiInput-input css-1rxz5jq-MuiSelect-select-MuiInputBase-input-MuiInput-input"
      onBlur={[Function]}
      onFocus={[Function]}
      onKeyDown={[Function]}
      onMouseDown={[Function]}
      role="button"
      tabIndex={0}
    >
      <em>
        Female
      </em>
    </div>
    <input
      aria-hidden={true}
      aria-invalid={false}
      className="MuiSelect-nativeInput css-yf8vq0-MuiSelect-nativeInput"
      disabled={false}
      onAnimationStart={[Function]}
      onChange={[Function]}
      required={true}
      tabIndex={-1}
      value="female"
    />
    <svg
      aria-hidden={true}
      className="MuiSvgIcon-root MuiSvgIcon-fontSizeMedium MuiSelect-icon MuiSelect-iconStandard css-pqjvzy-MuiSvgIcon-root-MuiSelect-icon"
      data-testid="ArrowDropDownIcon"
      focusable="false"
      viewBox="0 0 24 24"
    >
      <path
        d="M7 10l5 5 5-5z"
      />
    </svg>
  </div>
</div>
`;
